// Jest Snapshot v1, https://goo.gl/fbAQLP

exports[`app/App should render successfully 1`] = `
<div
  className="app"
>
  <Switch>
    <Route
      component={[Function]}
      path="/search/:by?/:query?"
    />
    <Route
      component={[Function]}
      path="/film/:id/:title?"
    />
    <Route
      component={[Function]}
      exact={true}
      path="/"
    />
  </Switch>
</div>
`;
